n/image2725.png
n/image2727.png
n/image2955.png
n/image3031.png
n/extra2364.png
n/extra2365.png
n/extra2366.png
n/extra2367.png
n/extra2368.png
n/extra2369.png
n/extra2370.png
n/extra2371.png
n/extra2372.png
n/extra2373.png
n/extra2374.png
n/extra2375.png
n/extra2376.png
n/extra2377.png
n/extra2378.png
n/extra2379.png
n/extra2380.png
n/extra2381.png
n/extra2392.png
n/extra2396.png
n/extra2397.png
n/extra2398.png
n/extra2399.png
n/extra2400.png
n/extra2404.png
n/extra2405.png
n/extra2406.png
n/extra2407.png
n/extra2408.png
n/extra2409.png
n/extra2410.png
n/extra2411.png
n/extra2412.png
n/extra2416.png
n/extra2417.png
n/extra2418.png
n/extra2419.png
n/extra2420.png
n/extra2421.png
n/extra2422.png
n/extra2423.png
n/extra2434.png
n/extra2435.png
n/extra2436.png
n/extra2440.png
n/extra2441.png
n/extra2452.png
n/extra2453.png
n/extra2454.png
n/extra2455.png
n/extra2456.png
n/extra2467.png
n/extra2468.png
n/extra2469.png
n/extra2470.png
n/extra2471.png
n/extra2472.png
n/extra2473.png
n/extra2474.png
n/extra2476.png
n/extra2477.png
n/extra2478.png
n/extra2479.png
n/extra2480.png
n/extra2481.png
n/extra2482.png
n/extra2483.png
n/extra2484.png
n/extra2485.png
n/extra2486.png
n/extra2487.png
n/extra2488.png
n/extra2489.png
n/extra2490.png
n/extra2491.png
n/extra2492.png
n/extra2493.png
n/extra2494.png
n/extra2495.png
n/extra2496.png
n/extra2497.png
n/extra2498.png
n/extra2499.png
n/extra2500.png
n/extra2501.png
n/extra2502.png
n/extra2503.png
n/extra2504.png
n/extra2505.png
n/extra2506.png
n/extra2507.png
n/extra2508.png
n/extra2509.png
n/extra2510.png
n/extra2511.png
n/extra2512.png
n/extra2513.png
n/extra2514.png
n/extra2515.png
n/extra2516.png
n/extra2517.png
n/extra2518.png
n/extra2519.png
n/extra2520.png
n/extra2521.png
n/extra2522.png
n/extra2523.png
n/extra2524.png
n/extra2525.png
n/extra2526.png
n/extra2527.png
n/extra2528.png
n/extra2529.png
n/extra2530.png
n/extra2531.png
n/extra2532.png
n/extra2533.png
n/extra2534.png
n/extra2535.png
n/extra2536.png
n/extra2537.png
n/extra2538.png
n/extra2539.png
n/extra2540.png
n/extra2541.png
n/extra2542.png
n/extra2543.png
n/extra2544.png
n/extra2545.png
n/extra2546.png
n/extra2547.png
n/extra2548.png
n/extra2549.png
n/extra2550.png
n/extra2551.png
n/extra2552.png
n/extra2553.png
n/extra2554.png
n/extra2555.png
n/extra2556.png
n/extra2565.png
n/extra2566.png
n/extra2567.png
n/extra2568.png
n/extra2577.png
n/extra2578.png
n/extra2579.png
n/extra2580.png
n/extra2589.png
n/extra2590.png
n/extra2591.png
n/extra2592.png
n/extra2593.png
n/extra2594.png
n/extra2595.png
n/extra2596.png
n/extra2597.png
n/extra2598.png
n/extra2599.png
n/extra2600.png
n/extra2601.png
n/extra2602.png
n/extra2603.png
n/extra2604.png
n/extra2614.png
n/extra2615.png
n/extra2616.png
n/extra2626.png
n/extra2627.png
n/extra2628.png
n/extra123.png